\BOOKMARK [1][-]{section.1}{\376\377\225\356\230\230\200\314\146\157\116\016\221\315\217\360}{}% 1
\BOOKMARK [2][-]{subsection.1.1}{\376\377\170\024\172\166\200\314\146\157}{section.1}% 2
\BOOKMARK [2][-]{subsection.1.2}{\376\377\225\356\230\230\221\315\217\360}{section.1}% 3
\BOOKMARK [2][-]{subsection.1.3}{\376\377\140\073\117\123\142\200\147\057\215\357\176\277}{section.1}% 4
\BOOKMARK [1][-]{section.2}{\376\377\152\041\127\213\120\107\213\276\060\001\173\046\123\367\116\016\145\160\143\156\131\004\164\006}{}% 5
\BOOKMARK [2][-]{subsection.2.1}{\376\377\127\372\147\054\120\107\213\276}{section.2}% 6
\BOOKMARK [2][-]{subsection.2.2}{\376\377\173\046\123\367\213\364\146\016}{section.2}% 7
\BOOKMARK [2][-]{subsection.2.3}{\376\377\145\160\143\156\211\304\152\041\116\016\230\204\131\004\164\006}{section.2}% 8
\BOOKMARK [1][-]{section.3}{\376\377\225\356\230\230\116\000\377\032\123\125\166\356\150\007\215\357\137\204\116\016\166\356\150\007\121\262\172\201}{}% 9
\BOOKMARK [2][-]{subsection.3.1}{\376\377\123\125\166\356\150\007\147\000\167\355\215\357\152\041\127\213}{section.3}% 10
\BOOKMARK [2][-]{subsection.3.2}{\376\377\121\262\172\201\213\304\116\367\143\007\150\007}{section.3}% 11
\BOOKMARK [2][-]{subsection.3.3}{\376\377\176\323\147\234\122\006\147\220}{section.3}% 12
\BOOKMARK [1][-]{section.4}{\376\377\225\356\230\230\116\214\377\032\116\011\166\356\150\007\174\276\170\156\000\040\000P\000a\000r\000e\000t\000o\000\040\122\115\154\277}{}% 13
\BOOKMARK [2][-]{subsection.4.1}{\376\377\131\032\166\356\150\007\150\007\173\176\152\041\127\213}{section.4}% 14
\BOOKMARK [2][-]{subsection.4.2}{\376\377\116\214\176\364\000\040\000s\000k\000y\000l\000i\000n\000e\000\040\145\057\221\115\176\323\147\204}{section.4}% 15
\BOOKMARK [2][-]{subsection.4.3}{\376\377\133\214\145\164\140\047\213\272\213\301}{section.4}% 16
\BOOKMARK [2][-]{subsection.4.4}{\376\377\133\236\232\214\176\323\147\234}{section.4}% 17
\BOOKMARK [1][-]{section.5}{\376\377\225\356\230\230\116\011\377\032\232\330\176\364\000\040\000P\000a\000r\000e\000t\000o\000\040\120\031\220\011\116\016\217\321\117\074\154\102\211\343}{}% 18
\BOOKMARK [2][-]{subsection.5.1}{\376\377\176\337\116\000\144\034\175\042\150\106\147\266}{section.5}% 19
\BOOKMARK [2][-]{subsection.5.2}{\376\377\176\310\160\271\211\206\166\326\122\152\147\235\116\016\213\357\135\356\117\335\213\301}{section.5}% 20
\BOOKMARK [2][-]{subsection.5.3}{\376\377\215\050\221\317\143\007\150\007}{section.5}% 21
\BOOKMARK [2][-]{subsection.5.4}{\376\377\176\323\147\234\116\016\176\364\145\160\145\110\136\224}{section.5}% 22
\BOOKMARK [1][-]{section.6}{\376\377\225\356\230\230\126\333\377\032\145\271\150\110\143\250\203\120\116\016\134\001\215\357\221\315\211\304\122\022}{}% 23
\BOOKMARK [2][-]{subsection.6.1}{\376\377\120\031\220\011\226\306\124\010\136\166\116\016\126\372\133\232\137\122\116\000\123\026}{section.6}% 24
\BOOKMARK [2][-]{subsection.6.2}{\376\377\174\276\170\156\145\164\145\160\150\007\221\317\123\026}{section.6}% 25
\BOOKMARK [2][-]{subsection.6.3}{\376\377\134\001\215\357\124\016\000\040\000A\000*\000\040\221\315\211\304\122\022}{section.6}% 26
\BOOKMARK [2][-]{subsection.6.4}{\376\377\213\304\116\367\143\007\150\007}{section.6}% 27
\BOOKMARK [2][-]{subsection.6.5}{\376\377\123\357\217\276\140\047\116\016\140\073\117\123\142\160\122\250\137\161\124\315}{section.6}% 28
\BOOKMARK [2][-]{subsection.6.6}{\376\377\120\117\131\175\145\066\166\312\116\016\142\020\147\054}{section.6}% 29
\BOOKMARK [2][-]{subsection.6.7}{\376\377\147\103\221\315\145\117\141\037\140\047\116\016\213\241\173\227\145\110\163\207}{section.6}% 30
\BOOKMARK [1][-]{section.7}{\376\377\152\041\127\213\150\300\232\214\060\001\117\030\177\072\160\271\116\016\143\250\136\177}{}% 31
\BOOKMARK [2][-]{subsection.7.1}{\376\377\153\143\170\156\140\047\116\016\162\354\172\313\131\015\150\070}{section.7}% 32
\BOOKMARK [2][-]{subsection.7.2}{\376\377\152\041\127\213\117\030\160\271}{section.7}% 33
\BOOKMARK [2][-]{subsection.7.3}{\376\377\134\100\226\120\140\047\116\016\145\071\217\333\145\271\124\021}{section.7}% 34
\BOOKMARK [1][-]{section.8}{\376\377\176\323\213\272}{}% 35
\BOOKMARK [1][-]{section.8}{\376\377\000A\000I\000\040\135\345\121\167\117\177\165\050\213\364\146\016}{}% 36
\BOOKMARK [1][-]{section.8}{\376\377\116\135\060\001\123\302\200\003\145\207\163\056}{}% 37
\BOOKMARK [1][-]{section.8}{\376\377\226\104\137\125\377\032\150\070\137\303\173\227\154\325\117\052\116\343\170\001}{}% 38
